

exports[`Snapshot testing on an api 1.1`] = `Object {
  "gender": "male",
  "username": "plouc",
}`;

exports[`Snapshot testing on an api 1.2`] = `Object {
  "gender": "male",
  "username": "plouc",
}`;
